// Vitest Snapshot v1, https://vitest.dev/guide/snapshot.html

exports[`Timeline > matches snapshot 1`] = `
<DocumentFragment>
  <div
    class="min-h-screen bg-gray-100 p-6"
  >
    <div
      class="max-w-4xl mx-auto"
    >
      <div
        class="mb-8 flex justify-between items-center"
      >
        <h1
          class="text-2xl font-bold text-gray-800"
        >
          Recent Activity
        </h1>
        <button
          class="px-3 py-1.5 text-sm bg-white text-gray-700 rounded border hover:bg-gray-50 transition-colors flex items-center gap-2"
          title="Refresh activity"
        >
          🔄 Reload
        </button>
      </div>
      <div
        class="bg-white rounded-lg shadow overflow-hidden"
      >
        <div
          class="divide-y divide-gray-200"
        >
          <div
            class="p-4 hover:bg-gray-50 transition-colors"
          >
            <div
              class="flex justify-between items-start"
            >
              <div
                class="flex-1"
              >
                <p
                  class="font-medium text-gray-900"
                >
                  <span
                    class="font-bold"
                  >
                    Alice
                  </span>
                   
                  <span
                    class="text-green-600"
                  >
                    created
                  </span>
                   task: 
                  <span
                    class="italic"
                  >
                    "Buy Milk"
                  </span>
                </p>
                <p
                  class="text-sm text-gray-600 mt-1"
                >
                  Task created
                </p>
              </div>
              <span
                class="text-xs text-gray-400 whitespace-nowrap ml-4"
              >
                28.3.2025, 11:00:00
              </span>
            </div>
          </div>
          <div
            class="p-4 hover:bg-gray-50 transition-colors"
          >
            <div
              class="flex justify-between items-start"
            >
              <div
                class="flex-1"
              >
                <p
                  class="font-medium text-gray-900"
                >
                  <span
                    class="font-bold"
                  >
                    Bob
                  </span>
                   
                  <span
                    class="text-blue-600"
                  >
                    completed
                  </span>
                   task: 
                  <span
                    class="italic"
                  >
                    "Buy Milk"
                  </span>
                </p>
                <p
                  class="text-sm text-gray-600 mt-1"
                >
                  Task completed
                </p>
                <div
                  class="mt-2 flex items-center gap-2"
                >
                  <button
                    class="text-sm px-2 py-1 bg-pink-50 text-pink-600 rounded hover:bg-pink-100 transition-colors border border-pink-100 flex items-center gap-1"
                  >
                    <span>
                      ❤️ Kudos
                    </span>
                    <span
                      class="font-bold"
                    >
                      1
                    </span>
                  </button>
                </div>
              </div>
              <span
                class="text-xs text-gray-400 whitespace-nowrap ml-4"
              >
                28.3.2025, 12:00:00
              </span>
            </div>
          </div>
        </div>
      </div>
    </div>
  </div>
</DocumentFragment>
`;
